1.20-3.47  What does production like this actually cost?
3.77-5.74  Take the film on Daniel chapter two:
6.09-10.24  three minutes, fully animated, narrated, and scored with sound design.
10.59-13.94  The person directing it sent fewer than ten short messages.
14.29-18.44  The AI assistant planned the scenes, wrote every line of animation code,
18.79-21.58  built the sound, and checked the frames for defects.
21.93-26.36  The final render ran on a laptop, in the background, in about twenty minutes.
26.71-30.45  No render farm. No stock footage. No licensed plugins.
31.55-33.39  This graphics library went further.
33.74-36.66  Dozens of clips, in more than a dozen visual styles,
37.01-39.65  were designed, rendered, and reviewed overnight.
40.00-43.04  Several AI workers built style packs in parallel,
43.39-45.42  while a second model critiqued the results.
45.77-48.31  Each lower third renders in well under a minute.
49.41-53.59  Traditionally, a package like this could take a motion designer several weeks.
53.94-56.77  Here, the human role shifts from building to directing:
57.12-59.09  choosing, approving, and refining.
59.44-61.97  The running costs are a few AI subscriptions,
62.32-64.34  and the electricity for one laptop.
64.69-68.09  That frees skilled volunteers to focus on what matters most:
68.44-69.20  the message.
narration.wav 72.30 s, 21 lines, voice af_heart @ 1
